---
source: core/tests/suite/scenarios.rs
expression: "context_snapshot::format_request_history_snapshot(\"Astra plans a kickoff with local and plugin skills, remotely compacts, and checks an image brief.\",\n&requests,\n&ContextSnapshotOptions::default().rewrite_known_segments().include_request_settings(),)"
---
Scenario: Astra plans a kickoff with local and plugin skills, remotely compacts, and checks an image brief.

## Window 1
Settings:
  include: ["reasoning.encrypted_content"]
  model: "gpt-6-astra"
  parallel_tool_calls: false
  prompt_cache_key: "<PROMPT_CACHE_KEY 1>"
  reasoning: {"context":"all_turns","effort":"low"}
  store: false
  stream: true
  text: {"verbosity":"low"}
  tool_choice: "auto"
-- request 1 (turn) --
00:additional_tools/developer (3; hash=a870bd0e0a2f6b2c):
        - namespace/functions; hash=22a232ad079d72f1
          - custom/exec
          - function/wait
          - function/request_user_input
          - function/request_user_input_async
        - namespace/clock: Tools for reading and waiting on time.; hash=f402e8c5e9b5e317
          - function/sleep
        - namespace/collaboration: Tools for spawning and managing sub-agents.; hash=0be1d3f8e1f49dca
          - function/followup_task
          - function/interrupt_agent
          - function/list_agents
          - function/send_message
          - function/spawn_agent
          - function/wait_agent
01:message/developer:
    <MODEL_INSTRUCTIONS>
02:message/developer[3]:
    [01] <SKILLS_INSTRUCTIONS>
    [02] <PERMISSIONS_INSTRUCTIONS>
    [03] <COLLABORATION_MODE>
03:message/user[2]:
    [01] <AGENTS_MD>
    [02] <ENVIRONMENT_CONTEXT>
04:message/developer:
    <MULTI_AGENT_ROLE>
05:message/developer:
    <MULTI_AGENT_MODE>
06:message/user:
    Plan a team kickoff for Friday using $outline and $calendar:agenda.
07:message/user:
    <skill>
    <name>outline</name>
    <path><SKILLS_ROOT>/outline/SKILL.md</path>
    ---
    name: outline
    description: Draft a project outline
    ---

    List the goals and owners.

    </skill>
08:message/user:
    <skill>
    <name>calendar:agenda</name>
    <path><PLUGINS_CACHE>/test/calendar/local/skills/agenda/SKILL.md</path>
    ---
    name: agenda
    description: Plan a team agenda
    ---

    List meetings with dates and attendees.

    </skill>
09:message/developer:
    Capabilities from the `calendar` plugin:
    - Skills from this plugin are prefixed with `calendar:`.
    Use these plugin-associated capabilities to help solve the task.
-- request 2 (turn) --
10:message/assistant:
    Agenda drafted for the kickoff.
11:message/user:
    Summarize the kickoff notes with $notes:summarize.
12:message/user:
    <skill>
    <name>notes:summarize</name>
    <path><PLUGINS_CACHE>/test/notes/local/skills/summarize/SKILL.md</path>
    ---
    name: summarize
    description: Summarize team notes
    ---

    Extract decisions and action items.

    </skill>
13:message/developer:
    Capabilities from the `notes` plugin:
    - Skills from this plugin are prefixed with `notes:`.
    Use these plugin-associated capabilities to help solve the task.
-- request 3 (compaction) --
14:message/assistant:
    The team chose Friday and assigned owners.
15:compaction_trigger

## Window 2 (after request 3: input diverged at item 02)
Settings: same as window 1
-- request 4 (turn) --
00:additional_tools/developer (3; hash=a870bd0e0a2f6b2c):
        - namespace/functions; hash=22a232ad079d72f1
          - custom/exec
          - function/wait
          - function/request_user_input
          - function/request_user_input_async
        - namespace/clock: Tools for reading and waiting on time.; hash=f402e8c5e9b5e317
          - function/sleep
        - namespace/collaboration: Tools for spawning and managing sub-agents.; hash=0be1d3f8e1f49dca
          - function/followup_task
          - function/interrupt_agent
          - function/list_agents
          - function/send_message
          - function/spawn_agent
          - function/wait_agent
01:message/developer:
    <MODEL_INSTRUCTIONS>
02:message/user:
    Plan a team kickoff for Friday using $outline and $calendar:agenda.
03:message/user:
    Summarize the kickoff notes with $notes:summarize.
04:compaction:encrypted=true; chars=26; hash=ec5e2724e6f5f641
05:message/developer[3]:
    [01] <SKILLS_INSTRUCTIONS>
    [02] <PERMISSIONS_INSTRUCTIONS>
    [03] <COLLABORATION_MODE>
06:message/user[2]:
    [01] <AGENTS_MD>
    [02] <ENVIRONMENT_CONTEXT>
07:message/developer:
    <MULTI_AGENT_ROLE>
08:message/developer:
    <MULTI_AGENT_MODE>
09:message/user[2]:
    [01] Check the final kickoff brief and attached sketch with $final-check and $calendar:agenda.
    [02] <input_image:image_url>
10:message/user:
    <skill>
    <name>final-check</name>
    <path><SKILLS_ROOT>/final-check/SKILL.md</path>
    ---
    name: final-check
    description: Review a final brief
    ---

    Check that the brief has an owner for every action.

    </skill>
11:message/user:
    <skill>
    <name>calendar:agenda</name>
    <path><PLUGINS_CACHE>/test/calendar/local/skills/agenda/SKILL.md</path>
    ---
    name: agenda
    description: Plan a team agenda
    ---

    List meetings with dates and attendees.

    </skill>
12:message/developer:
    Capabilities from the `calendar` plugin:
    - Skills from this plugin are prefixed with `calendar:`.
    Use these plugin-associated capabilities to help solve the task.
