---
source: core/tests/suite/scenarios.rs
expression: "context_snapshot::format_request_history_snapshot(\"Astra checks for Notes, refreshes its installed plugin without restarting, and uses the new skill and Code Mode MCP tool across turns.\",\n&mock.requests(),\n&ContextSnapshotOptions::default().rewrite_known_segments().include_request_settings(),)"
---
Scenario: Astra checks for Notes, refreshes its installed plugin without restarting, and uses the new skill and Code Mode MCP tool across turns.

## Window 1
Settings:
  include: ["reasoning.encrypted_content"]
  model: "gpt-6-astra"
  parallel_tool_calls: false
  prompt_cache_key: "<PROMPT_CACHE_KEY 1>"
  reasoning: {"context":"all_turns","effort":"low"}
  store: false
  stream: true
  text: {"verbosity":"low"}
  tool_choice: "auto"
-- request 1 (turn) --
00:additional_tools/developer (3; hash=a870bd0e0a2f6b2c):
        - namespace/functions; hash=22a232ad079d72f1
          - custom/exec
          - function/wait
          - function/request_user_input
          - function/request_user_input_async
        - namespace/clock: Tools for reading and waiting on time.; hash=f402e8c5e9b5e317
          - function/sleep
        - namespace/collaboration: Tools for spawning and managing sub-agents.; hash=0be1d3f8e1f49dca
          - function/followup_task
          - function/interrupt_agent
          - function/list_agents
          - function/send_message
          - function/spawn_agent
          - function/wait_agent
01:message/developer:
    <MODEL_INSTRUCTIONS>
02:message/developer[3]:
    [01] <SKILLS_INSTRUCTIONS>
    [02] <PERMISSIONS_INSTRUCTIONS>
    [03] <COLLABORATION_MODE>
03:message/user:
    <ENVIRONMENT_CONTEXT>
04:message/developer:
    <MULTI_AGENT_ROLE>
05:message/developer:
    <MULTI_AGENT_MODE>
06:message/user:
    Check whether the Notes plugin echo tool is available.
-- request 2 (turn) --
07:custom_tool_call/exec:text(ALL_TOOLS.filter(({ name }) => name === "mcp__notes__echo").map(({ name }) => name));
08:custom_tool_call_output:Script completed
    Wall time <DURATION> seconds
    Output:
     | []

## Window 2 (after request 2: input diverged at item 00)
Settings: same as window 1
-- request 3 (turn) --
00:additional_tools/developer (3; hash=3f1e4b3a0b6f574a):
        - namespace/functions; hash=433e4996dab7e337
          - custom/exec
          - function/wait
          - function/request_user_input
          - function/request_user_input_async
        - namespace/clock: Tools for reading and waiting on time.; hash=f402e8c5e9b5e317
          - function/sleep
        - namespace/collaboration: Tools for spawning and managing sub-agents.; hash=0be1d3f8e1f49dca
          - function/followup_task
          - function/interrupt_agent
          - function/list_agents
          - function/send_message
          - function/spawn_agent
          - function/wait_agent
01:message/developer:
    <MODEL_INSTRUCTIONS>
02:message/developer[3]:
    [01] <SKILLS_INSTRUCTIONS>
    [02] <PERMISSIONS_INSTRUCTIONS>
    [03] <COLLABORATION_MODE>
03:message/user:
    <ENVIRONMENT_CONTEXT>
04:message/developer:
    <MULTI_AGENT_ROLE>
05:message/developer:
    <MULTI_AGENT_MODE>
06:message/user:
    Check whether the Notes plugin echo tool is available.
07:custom_tool_call/exec:text(ALL_TOOLS.filter(({ name }) => name === "mcp__notes__echo").map(({ name }) => name));
08:custom_tool_call_output:Script completed
    Wall time <DURATION> seconds
    Output:
     | []
09:message/assistant:
    The Notes tool is not installed yet.
10:message/developer:
    <SKILLS_INSTRUCTIONS>
11:message/user:
    I installed Notes. Use $notes:summarize and the Notes tool to check that Mira owns the kickoff.
12:message/user:
    <skill>
    <name>notes:summarize</name>
    <path><PLUGINS_CACHE>/test/notes/local/skills/summarize/SKILL.md</path>
    ---
    name: summarize
    description: Summarize team notes
    ---

    State the owner and date from the notes.

    </skill>
13:message/developer:
    Capabilities from the `notes` plugin:
    - Skills from this plugin are prefixed with `notes:`.
    - MCP servers from this plugin available in this session: `notes`.
    Use these plugin-associated capabilities to help solve the task.
-- request 4 (turn) --
14:custom_tool_call/exec:text(ALL_TOOLS.filter(({ name }) => name === "mcp__notes__echo").map(({ name }) => name));
15:custom_tool_call_output:Script completed
    Wall time <DURATION> seconds
    Output:
     | ["mcp__notes__echo"]
-- request 5 (turn) --
16:custom_tool_call/exec:const result = await tools.mcp__notes__echo({ message: "Mira owns the kickoff" }); text(result.structuredContent?.echo);
17:custom_tool_call_output:Script completed
    Wall time <DURATION> seconds
    Output:
     | ECHOING: Mira owns the kickoff
-- request 6 (turn) --
18:message/assistant:
    The Notes plugin confirms Mira owns the kickoff.
19:message/user:
    Use the Notes tool again to check that the kickoff is Friday.
-- request 7 (turn) --
20:custom_tool_call/exec:const result = await tools.mcp__notes__echo({ message: "The kickoff is Friday" }); text(result.structuredContent?.echo);
21:custom_tool_call_output:Script completed
    Wall time <DURATION> seconds
    Output:
     | ECHOING: The kickoff is Friday
